cc12m_base64/part-0   
cc12m_base64/part-1     
cc12m_base64/part-2     
cc12m_base64/part-3     
cc12m_base64/part-4     
cc12m_base64/part-5     
cc12m_base64/part-6     
cc12m_base64/part-7     
cc12m_base64/part-0   
cc12m_base64/part-1     
cc12m_base64/part-2     
cc12m_base64/part-3     
cc12m_base64/part-4     
cc12m_base64/part-5     
cc12m_base64/part-6     
cc12m_base64/part-7     
cc12m_base64/part-0   
cc12m_base64/part-1     
cc12m_base64/part-2     
cc12m_base64/part-3     
cc12m_base64/part-4     
cc12m_base64/part-5     
cc12m_base64/part-6     
cc12m_base64/part-7     
cc12m_base64/part-0   
cc12m_base64/part-1     
cc12m_base64/part-2     
cc12m_base64/part-3     
cc12m_base64/part-4     
cc12m_base64/part-5     
cc12m_base64/part-6     
cc12m_base64/part-7     
cc12m_base64/part-0   
cc12m_base64/part-1     
cc12m_base64/part-2     
cc12m_base64/part-3     
cc12m_base64/part-4     
cc12m_base64/part-5     
cc12m_base64/part-6     
cc12m_base64/part-7     
cc12m_base64/part-0   
cc12m_base64/part-1     
cc12m_base64/part-2     
cc12m_base64/part-3     
cc12m_base64/part-4     
cc12m_base64/part-5     
cc12m_base64/part-6     
cc12m_base64/part-7     
cc12m_base64/part-0   
cc12m_base64/part-1     
cc12m_base64/part-2     
cc12m_base64/part-3     
cc12m_base64/part-4     
cc12m_base64/part-5     
cc12m_base64/part-6     
cc12m_base64/part-7     
cc12m_base64/part-0   
cc12m_base64/part-1     
cc12m_base64/part-2     
cc12m_base64/part-3     
cc12m_base64/part-4     
cc12m_base64/part-5     
cc12m_base64/part-6     
cc12m_base64/part-7    
